// Jest Snapshot v1, https://goo.gl/fbAQLP

exports[`test explore dialog 1 1`] = `
<div
  className="MuiBox-root MuiBox-root-31 makeStyles-exploreTable-21"
>
  <div
    className="MuiBox-root MuiBox-root-32 makeStyles-tableContainer-23"
  >
    <div
      className="MuiGrid-root MuiGrid-container MuiGrid-direction-xs-column"
    >
      <div
        className="MuiBox-root MuiBox-root-33"
      >
         
        <div
          className="MuiGrid-root MuiGrid-container MuiGrid-item"
        >
          <div
            className="MuiGrid-root MuiGrid-item MuiGrid-grid-xs-3"
          >
            <button
              className="MuiButtonBase-root MuiButton-root MuiButton-text makeStyles-exploreHeaderTitles-24"
              disabled={false}
              onBlur={[Function]}
              onDragLeave={[Function]}
              onFocus={[Function]}
              onKeyDown={[Function]}
              onKeyUp={[Function]}
              onMouseDown={[Function]}
              onMouseLeave={[Function]}
              onMouseUp={[Function]}
              onTouchEnd={[Function]}
              onTouchMove={[Function]}
              onTouchStart={[Function]}
              tabIndex={0}
              type="button"
            >
              <span
                className="MuiButton-label"
              >
                Explore by category
              </span>
            </button>
          </div>
          <div
            className="MuiGrid-root MuiGrid-item MuiGrid-grid-xs-3"
          >
            <button
              className="MuiButtonBase-root MuiButton-root MuiButton-text makeStyles-exploreHeaderTitles-24"
              disabled={false}
              onBlur={[Function]}
              onDragLeave={[Function]}
              onFocus={[Function]}
              onKeyDown={[Function]}
              onKeyUp={[Function]}
              onMouseDown={[Function]}
              onMouseLeave={[Function]}
              onMouseUp={[Function]}
              onTouchEnd={[Function]}
              onTouchMove={[Function]}
              onTouchStart={[Function]}
              tabIndex={0}
              type="button"
            >
              <span
                className="MuiButton-label"
              >
                See recently added titles
              </span>
            </button>
          </div>
          <div
            className="MuiGrid-root MuiGrid-item MuiGrid-grid-xs-3"
          >
            <button
              className="MuiButtonBase-root MuiButton-root MuiButton-text makeStyles-exploreHeaderTitles-24"
              disabled={false}
              onBlur={[Function]}
              onDragLeave={[Function]}
              onFocus={[Function]}
              onKeyDown={[Function]}
              onKeyUp={[Function]}
              onMouseDown={[Function]}
              onMouseLeave={[Function]}
              onMouseUp={[Function]}
              onTouchEnd={[Function]}
              onTouchMove={[Function]}
              onTouchStart={[Function]}
              tabIndex={0}
              type="button"
            >
              <span
                className="MuiButton-label"
              >
                See popular titles
              </span>
            </button>
          </div>
        </div>
      </div>
      <div
        className="MuiGrid-root MuiGrid-container MuiGrid-item"
      />
    </div>
  </div>
</div>
`;
